
> frontend@0.0.0 test
> vitest --run


[1m[30m[46m RUN [49m[39m[22m [36mv4.1.5 [39m[90mC:/Users/zaina/datalens-project/frontend[39m

 [31mΓ¥»[39m src/components/FilterPanel.test.tsx [2m([22m[2m1 test[22m[2m | [22m[31m1 failed[39m[2m)[22m[32m 101[2mms[22m[39m
[31m     [31m├ù[31m renders the three dropdowns[39m[32m 98[2mms[22m[39m
 [32mΓ£ô[39m src/components/UploadZone.test.tsx [2m([22m[2m1 test[22m[2m)[22m[32m 82[2mms[22m[39m

[2m Test Files [22m [1m[31m1 failed[39m[22m[2m | [22m[1m[32m1 passed[39m[22m[90m (2)[39m
[2m      Tests [22m [1m[31m1 failed[39m[22m[2m | [22m[1m[32m1 passed[39m[22m[90m (2)[39m
[2m   Start at [22m 16:18:04
[2m   Duration [22m 2.34s[2m (transform 199ms, setup 333ms, import 557ms, tests 184ms, environment 2.86s)[22m

